-------------------------------------------

Agent P2 plays TEST4


        0 1 2 
       - - -
   0/ 2 t t 
  1/ t 2 2 
 2/ 1 1 0 

Start!
Final map

        0 1 2 
       - - -
   0/ 2 * * 
  1/ * 2 2 
 2/ 1 1 0 


Result: Agent alive: all solved

