-------------------------------------------

Agent P1 plays TEST2


        0 1 2 
       - - -
   0/ 2 t 1 
  1/ t 2 1 
 2/ t 2 0 

Start!
Final map

        0 1 2 
       - - -
   0/ 2 - ? 
  1/ ? ? ? 
 2/ ? ? ? 


Result: Agent dead: found mine

