-------------------------------------------

Agent P1 plays TEST0


          0 1 2 3 4 
         - - - - -
     0/ 0 0 1 t 1 
    1/ 1 1 0 1 1 
   2/ 1 t 2 1 0 
  3/ 1 2 3 t 1 
 4/ t 2 t 2 1 

Start!

          0 1 2 3 4 
         - - - - -
     0/ ? ? ? ? ? 
    1/ ? ? ? ? ? 
   2/ ? ? ? ? ? 
  3/ ? ? ? ? ? 
 4/ ? ? ? ? ? 


          0 1 2 3 4 
         - - - - -
     0/ 0 0 1 ? ? 
    1/ 1 1 0 1 ? 
   2/ ? ? 2 1 ? 
  3/ ? ? ? ? ? 
 4/ ? ? ? ? ? 

Final map

          0 1 2 3 4 
         - - - - -
     0/ 0 0 1 - ? 
    1/ 1 1 0 1 ? 
   2/ ? ? 2 1 ? 
  3/ ? ? ? ? ? 
 4/ ? ? ? ? ? 


Result: Agent dead: found mine

