-------------------------------------------

Agent P3 plays TEST5


        0 1 2 
       - - -
   0/ 1 t t 
  1/ 1 3 3 
 2/ 1 t t 

Start!
Final map

        0 1 2 
       - - -
   0/ 1 ? ? 
  1/ ? 3 ? 
 2/ ? ? ? 


Result: Agent not terminated

