-------------------------------------------

Agent P1 plays TEST1


        0 1 2 
       - - -
   0/ 1 1 t 
  1/ t 1 1 
 2/ t 2 0 

Start!
Final map

        0 1 2 
       - - -
   0/ 1 1 - 
  1/ ? ? ? 
 2/ ? ? ? 


Result: Agent dead: found mine

