-------------------------------------------

Agent P1 plays TEST3


        0 1 2 
       - - -
   0/ 0 1 t 
  1/ 0 0 1 
 2/ 0 0 0 

Start!
Final map

        0 1 2 
       - - -
   0/ 0 1 ? 
  1/ 0 0 1 
 2/ 0 0 0 


Result: Agent alive: all solved

